2021-03-11 22:34:55,664:INFO:flipkrat.py:Url hitted
2021-03-11 22:34:55,871:INFO:flipkrat.py:login popup handled
2021-03-11 22:34:56,219:INFO:flipkrat.py:Search begins
2021-03-11 22:34:59,039:INFO:flipkrat.py:Data saved in scrapper file
2021-03-11 22:35:58,120:INFO:flipkrat.py:Url hitted
2021-03-11 22:35:58,315:INFO:flipkrat.py:login popup handled
2021-03-11 22:35:58,591:INFO:flipkrat.py:Search begins
2021-03-11 22:36:01,400:INFO:flipkrat.py:Data saved in scrapper file
2021-03-11 22:36:23,309:INFO:flipkrat.py:Url hitted
2021-03-11 22:36:23,496:INFO:flipkrat.py:login popup handled
2021-03-11 22:36:23,770:INFO:flipkrat.py:Search begins
2021-03-11 22:36:33,418:INFO:flipkrat.py:Url hitted
2021-03-11 22:36:33,647:INFO:flipkrat.py:login popup handled
2021-03-11 22:36:34,002:INFO:flipkrat.py:Search begins
2021-03-11 22:36:36,914:INFO:flipkrat.py:Data saved in scrapper file
2021-03-11 22:37:59,845:INFO:flipkrat.py:Thread run completed
2021-03-12 18:10:07,996:INFO:flipkrat.py:Url hitted
2021-03-12 18:10:08,216:INFO:flipkrat.py:login popup handled
2021-03-12 18:10:08,649:INFO:flipkrat.py:Search begins for Nike
2021-03-12 18:10:15,835:INFO:flipkrat.py:Data saved in scrapper file
2021-03-12 18:21:17,976:INFO:flipkrat.py:Url hitted
2021-03-12 18:21:18,307:INFO:flipkrat.py:login popup handled
2021-03-12 18:21:18,661:INFO:flipkrat.py:Search begins for shorts
2021-03-12 18:21:45,120:INFO:flipkrat.py:Thread run completed
2021-03-12 18:51:46,598:INFO:flipkrat.py:Url hitted
2021-03-12 18:51:46,854:INFO:flipkrat.py:login popup handled
2021-03-12 18:51:47,148:INFO:flipkrat.py:Search begins for Nike
2021-03-12 18:51:52,934:INFO:flipkrat.py:Data saved in scrapper file
2021-03-12 18:59:13,412:INFO:flipkrat.py:Url hitted
2021-03-12 18:59:13,585:INFO:flipkrat.py:login popup handled
2021-03-12 18:59:13,871:INFO:flipkrat.py:Search begins for Nike
2021-03-12 18:59:20,027:INFO:flipkrat.py:Data saved in scrapper file
2021-03-12 19:05:39,138:INFO:flipkrat.py:Url hitted
2021-03-12 19:05:39,293:INFO:flipkrat.py:login popup handled
2021-03-12 19:05:39,627:INFO:flipkrat.py:Search begins for Saree
2021-03-12 19:05:45,435:INFO:flipkrat.py:Data saved in scrapper file
2021-03-12 19:48:30,551:INFO:flipkrat.py:Url hitted
2021-03-12 19:48:32,022:INFO:flipkrat.py:login popup handled
2021-03-12 19:48:33,971:INFO:flipkrat.py:Search begins for Nike
2021-03-12 19:48:39,271:INFO:flipkrat.py:Data saved in scrapper file
2021-03-12 19:52:16,469:INFO:flipkrat.py:Url hitted
2021-03-12 19:52:16,797:INFO:flipkrat.py:login popup handled
2021-03-12 19:52:17,244:INFO:flipkrat.py:Search begins for Nike
2021-03-12 19:52:19,627:INFO:flipkrat.py:Data saved in scrapper file
2021-03-12 22:38:31,082:INFO:flipkrat.py:Url hitted
2021-03-12 22:38:31,387:INFO:flipkrat.py:login popup handled
2021-03-12 22:38:31,835:INFO:flipkrat.py:Search begins for Nike
2021-03-12 22:38:38,080:INFO:flipkrat.py:Data saved in scrapper file
2022-06-06 08:39:43,875:INFO:flipkrat.py:Url hitted
2022-06-06 08:39:43,980:INFO:flipkrat.py:login popup handled
2022-06-06 08:39:44,239:INFO:flipkrat.py:Search begins for samsung
2022-06-06 08:39:51,645:INFO:flipkrat.py:Data saved in scrapper file
2022-06-07 08:38:22,121:INFO:flipkrat.py:Url hitted
2022-06-07 08:38:22,273:INFO:flipkrat.py:login popup handled
2022-06-07 08:38:22,517:INFO:flipkrat.py:Search begins for samsung
2022-06-07 08:41:55,375:INFO:flipkrat.py:Url hitted
2022-06-07 08:41:55,555:INFO:flipkrat.py:login popup handled
2022-06-07 08:41:55,782:INFO:flipkrat.py:Search begins for samsung
2022-06-07 08:49:16,722:INFO:flipkrat.py:Url hitted
2022-06-07 08:49:16,863:INFO:flipkrat.py:login popup handled
2022-06-07 08:49:17,139:INFO:flipkrat.py:Search begins for samsung
2022-06-07 08:53:41,845:INFO:flipkrat.py:Url hitted
2022-06-07 08:53:41,978:INFO:flipkrat.py:login popup handled
2022-06-07 08:53:42,263:INFO:flipkrat.py:Search begins for samsung
2022-06-07 08:58:16,861:INFO:flipkrat.py:Url hitted
2022-06-07 08:58:17,000:INFO:flipkrat.py:login popup handled
2022-06-07 08:58:17,260:INFO:flipkrat.py:Search begins for samsung
2022-06-07 09:02:42,461:INFO:flipkrat.py:Url hitted
2022-06-07 09:02:42,574:INFO:flipkrat.py:login popup handled
2022-06-07 09:02:42,787:INFO:flipkrat.py:Search begins for samsung
2022-06-07 09:05:45,358:INFO:flipkrat.py:Url hitted
2022-06-07 09:05:45,476:INFO:flipkrat.py:login popup handled
2022-06-07 09:05:45,718:INFO:flipkrat.py:Search begins for samsung
2022-06-07 23:35:41,181:INFO:flipkrat.py:Url hitted
2022-06-07 23:35:41,313:INFO:flipkrat.py:login popup handled
2022-06-07 23:35:41,531:INFO:flipkrat.py:Search begins for samsung
2022-06-07 23:40:27,505:INFO:flipkrat.py:Url hitted
2022-06-07 23:40:27,660:INFO:flipkrat.py:login popup handled
2022-06-07 23:40:27,800:INFO:flipkrat.py:Search begins for samsung
2022-06-07 23:43:38,353:INFO:flipkrat.py:Url hitted
2022-06-07 23:43:38,437:INFO:flipkrat.py:login popup handled
2022-06-07 23:43:38,610:INFO:flipkrat.py:Search begins for samsung
2022-06-07 23:45:46,882:INFO:flipkrat.py:Url hitted
2022-06-07 23:45:46,975:INFO:flipkrat.py:login popup handled
2022-06-07 23:45:47,132:INFO:flipkrat.py:Search begins for samsung
2022-06-07 23:47:47,590:INFO:flipkrat.py:Url hitted
2022-06-07 23:47:47,684:INFO:flipkrat.py:login popup handled
2022-06-07 23:47:47,828:INFO:flipkrat.py:Search begins for samsung
2022-06-08 00:19:12,129:INFO:flipkrat.py:Url hitted
2022-06-08 00:19:12,228:INFO:flipkrat.py:login popup handled
2022-06-08 00:19:12,404:INFO:flipkrat.py:Search begins for samsung
2022-06-08 00:19:28,025:INFO:flipkrat.py:data saved in scrapper file
2022-06-08 00:19:56,399:INFO:flipkrat.py:Thread run completed
2022-06-08 00:22:02,229:INFO:flipkrat.py:Url hitted
2022-06-08 00:22:02,327:INFO:flipkrat.py:login popup handled
2022-06-08 00:22:02,473:INFO:flipkrat.py:Search begins for samsumng
2022-06-08 00:22:33,180:INFO:flipkrat.py:Thread run completed
